// Jest Snapshot v1, https://goo.gl/fbAQLP

exports[`Button renders button 1`] = `
<div>
  <button
    class="sc-beySPh hfXiWF"
  />
</div>
`;

exports[`StyledButton renders button 1`] = `
<div>
  <button
    class="sc-beySPh hfXiWF"
  />
</div>
`;
